[6.004885648174475, 3.7295952571373605, 1.9295669970654687, 0.8519663271732721]
